********************************************************************************
DUPLICATOR-LITE PACKAGE-LOG: 2025-03-20 17:28
NOTICE: Do NOT post to public sites or forums 
********************************************************************************
VERSION:	1.5.12
WORDPRESS:	6.7.2
PHP INFO:	8.2.12 | SAPI: apache2handler
SERVER:		Apache/2.4.58 (Win64) OpenSSL/3.1.3 PHP/8.2.12 
PHP TIME LIMIT: (0) no time limit imposed 
PHP MAX MEMORY: 4294967296 (512M default) 
MEMORY STACK: 52MB
[CTRL DUP ARCIVE] PACKAGE AS NEW ID 2 SAVED | STATUS:0
[DUP ARCHIVE] BUILDING DATABASE

********************************************************************************
DATABASE:
********************************************************************************
BUILD MODE:   MYSQLDUMP
MYSQLTIMEOUT: 5000
MYSQLDUMP:    Is Supported
SQL CREATED: 20250314_blogpodrozny_9a48586ec118a9c29946_20250320172716_database.sql
SQL FILE SIZE: 1.5MB (1568650)
SQL FILE TIME: 2025-03-20 17:28:35
SQL RUNTIME: 4.35 sec.
[DUP ARCHIVE] VALIDATING DATABASE
[DUP ARCHIVE] DONE DATABASE

********************************************************************************
ARCHIVE Type=DUP Mode=DupArchive
********************************************************************************
ARCHIVE DIR:  C:/xampp/htdocs/blog
ARCHIVE FILE: 20250314_blogpodrozny_9a48586ec118a9c29946_20250320172716_archive.daf
FILTERS: *OFF*
DIRS:
	not set
FILES:
	not set
EXTS:  not set
----------------------------------------
COMPRESSING
SIZE:	238.21MB
STATS:	Dirs 1,430 | Files 13,101 | Total 14,531
